--- Multisig Balance Sync (sunset) ---
Safe: 0xA594263e0449A28eAEf5BA6420E81cC1996b7782 (oeth)
Time: 2026-03-31T01:25:01Z

Balances:
  ETH: 0.022
  DAI: 1000
  USDC: 2808.411728

ETH price: $2051.18 (coingecko)
ETH value: $45.13
Stablecoins: $3808.41
Total USD: $3853.54 (prev: $3852.94, change: $0.60)

Recent transactions: 20
Written to: /root/.openclaw/workspace/nou-techne/accounting/data/multisig-balances.json
--- Multisig Balance Sync (sunrise) ---
Safe: 0xA594263e0449A28eAEf5BA6420E81cC1996b7782 (oeth)
Time: 2026-03-31T12:46:01Z

Balances:
  ETH: 0.022
  DAI: 1000
  USDC: 2808.411728

ETH price: $2053.98 (coingecko)
ETH value: $45.19
Stablecoins: $3808.41
Total USD: $3853.60 (prev: $3853.54, change: $0.06)

Recent transactions: 20
Written to: /root/.openclaw/workspace/nou-techne/accounting/data/multisig-balances.json
--- Multisig Balance Sync (sunset) ---
Safe: 0xA594263e0449A28eAEf5BA6420E81cC1996b7782 (oeth)
Time: 2026-04-01T01:25:01Z

Balances:
  ETH: 0.022
  DAI: 1000
  USDC: 2808.411728

ETH price: $2099.94 (coingecko)
ETH value: $46.20
Stablecoins: $3808.41
Total USD: $3854.61 (prev: $3853.60, change: $1.01)

Recent transactions: 20
Written to: /root/.openclaw/workspace/nou-techne/accounting/data/multisig-balances.json
--- Multisig Balance Sync (sunrise) ---
Safe: 0xA594263e0449A28eAEf5BA6420E81cC1996b7782 (oeth)
Time: 2026-04-01T12:46:01Z

Balances:
  ETH: 0.022
  DAI: 1000
  USDC: 2808.411728

ETH price: $2126.71 (coingecko)
ETH value: $46.79
Stablecoins: $3808.41
Total USD: $3855.20 (prev: $3854.61, change: $0.59)

Recent transactions: 20
Written to: /root/.openclaw/workspace/nou-techne/accounting/data/multisig-balances.json
